[2m2026-09-10T18:05:54.931323Z[0m [32m INFO[0m [2mmoq_native_ietf::quic[0m[2m:[0m UDP socket bound [3mbind[0m[2m=[0m[::]:0 [3mlocal[0m[2m=[0m[::]:41635 [3mdual_stack[0m[2m=[0mtrue
[2m2026-09-10T18:05:54.938032Z[0m [32m INFO[0m [2mmoq_pub[0m[2m:[0m connecting to relay: url=https://10.0.0.2:4443/
[2m2026-09-10T18:05:54.975635Z[0m [32m INFO[0m [2mmoq_pub[0m[2m:[0m connected with CID: 298abb653be01eb37c617e1062c00eec (use this to look up qlog/mlog on server)
[2m2026-09-10T18:05:54.986532Z[0m [32m INFO[0m [2mmoq_pub::media[0m[2m:[0m catalog: {
  "version": 1,
  "streamingFormat": 1,
  "streamingFormatVersion": "0.2",
  "supportsDeltaUpdates": true,
  "commonTrackFields": {
    "namespace": "/d16-fanout-2sub-1seg",
    "packaging": "cmaf",
    "renderGroup": 1
  },
  "tracks": [
    {
      "name": "1.m4s",
      "initTrack": "0.mp4",
      "selectionParams": {
        "codec": "avc1.42C00D",
        "width": 320,
        "height": 240
      }
    }
  ]
}
timestamp: 0 segment: 0:0 priority: 127
